
Gurobi 13.0.2 (win64) logging started Tue May 26 01:23:18 2026

Set parameter LogFile to value "outputs\gurobi\logs\large_score_r01_seed2012485100.log"
Gurobi Optimizer version 13.0.2 build v13.0.2rc1 (win64 - Windows 11+.0 (26200.2))

CPU model: 13th Gen Intel(R) Core(TM) i7-13650HX, instruction set [SSE2|AVX|AVX2]
Thread count: 14 physical cores, 20 logical processors, using up to 20 threads

Optimize a model with 723019 rows, 184326 columns and 3238729 nonzeros (Max)
Model fingerprint: 0x6c7791a9
Model has 179417 linear objective coefficients
Model has 1805 simple general constraints
  1805 INDICATOR
Variable types: 1351 continuous, 182975 integer (180634 binary)
Coefficient statistics:
  Matrix range     [1e+00, 5e+03]
  Objective range  [5e-01, 2e+01]
  Bounds range     [1e+00, 1e+05]
  RHS range        [1e+00, 6e+03]
  GenCon rhs range [2e+01, 2e+03]
  GenCon coe range [3e-01, 1e+00]

Presolve removed 356806 rows and 737 columns (presolve time = 5s)...
Presolve added 0 rows and 4306 columns
Presolve removed 349236 rows and 0 columns
Presolve time: 9.37s
Presolved: 373783 rows, 188632 columns, 2394943 nonzeros
Variable types: 1331 continuous, 187301 integer (184955 binary)
Found heuristic solution: objective -6498.000000

Deterministic concurrent LP optimizer: primal simplex, dual simplex, and barrier
Showing barrier log only...

Root barrier log...

Ordering time: 1.76s

Barrier statistics:
 Dense cols : 856
 AA' NZ     : 4.645e+06
 Factor NZ  : 9.068e+06 (roughly 300 MB of memory)
 Factor Ops : 3.873e+09 (less than 1 second per iteration)
 Threads    : 12

                  Objective                Residual
Iter       Primal          Dual         Primal    Dual     Compl     Time
   0  -1.14520585e+06  5.62157785e+08  2.41e+05 8.10e+00  1.30e+04    16s
   1   4.77516509e+06  7.64793522e+08  2.74e+04 7.09e+00  2.46e+03    16s
   2   8.25169067e+06  5.84062666e+08  1.68e+04 4.35e+00  1.54e+03    16s
   3   1.58061894e+07  4.24531840e+08  1.26e+04 2.64e+00  1.02e+03    17s
   4   1.90221519e+07  3.44923348e+08  8.81e+03 1.97e+00  7.49e+02    17s
   5   2.09517288e+07  2.80370443e+08  4.26e+03 1.51e+00  5.13e+02    17s
   6   2.10451682e+07  2.66113318e+08  4.07e+03 1.41e+00  4.84e+02    17s
   7   2.20835729e+07  2.07470874e+08  1.74e+03 1.04e+00  3.31e+02    18s
   8   2.22882422e+07  1.84814013e+08  1.56e+03 9.06e-01  2.89e+02    18s
   9   2.24043529e+07  1.61095558e+08  1.44e+03 7.65e-01  2.47e+02    18s
  10   2.25461245e+07  1.40988626e+08  1.26e+03 6.49e-01  2.10e+02    19s
  11   2.27148124e+07  1.33011258e+08  1.19e+03 6.03e-01  1.96e+02    19s
  12   2.28745439e+07  1.19604167e+08  1.07e+03 5.27e-01  1.72e+02    19s
  13   2.31207979e+07  1.11678946e+08  1.04e+03 4.81e-01  1.58e+02    19s
  14   2.32222758e+07  1.02043297e+08  9.63e+02 4.25e-01  1.41e+02    20s
  15   2.33063687e+07  9.87592398e+07  9.08e+02 4.07e-01  1.34e+02    20s
  16   2.35355556e+07  8.44716184e+07  3.48e+02 3.25e-01  1.02e+02    20s
  17   2.36086216e+07  8.11258531e+07  3.33e+02 3.07e-01  9.65e+01    21s
  18   2.36872470e+07  7.40491624e+07  3.01e+02 2.69e-01  8.45e+01    21s
  19   2.37167090e+07  7.27852464e+07  2.90e+02 2.62e-01  8.23e+01    21s
  20   2.38523245e+07  6.95774759e+07  2.63e+02 2.45e-01  7.67e+01    22s
  21   2.39424999e+07  6.68224479e+07  2.47e+02 2.30e-01  7.19e+01    22s
  22   2.39733403e+07  5.42386153e+07  2.35e+02 1.61e-01  5.12e+01    22s
  23   2.40993530e+07  4.50121828e+07  3.07e+01 1.11e-01  3.38e+01    23s
  24   2.41685789e+07  2.52467944e+07  3.96e+00 2.35e-03  1.57e+00    23s
  25   2.41888404e+07  2.42271203e+07  5.66e-02 5.02e-14  5.13e-02    23s
  26   2.41894848e+07  2.41896509e+07  1.61e-08 4.54e-14  2.23e-04    24s
  27   2.41894859e+07  2.41894859e+07  2.73e-11 3.61e-14  6.09e-09    24s

Barrier solved model in 27 iterations and 23.90 seconds (29.11 work units)
Optimal objective 2.41894859e+07


Root crossover log...

    4239 DPushes remaining with DInf 0.0000000e+00                24s
       0 DPushes remaining with DInf 0.0000000e+00                24s

  178848 PPushes remaining with PInf 0.0000000e+00                24s
  170637 PPushes remaining with PInf 0.0000000e+00                25s
   94081 PPushes remaining with PInf 0.0000000e+00                30s
   11364 PPushes remaining with PInf 0.0000000e+00                35s
       0 PPushes remaining with PInf 0.0000000e+00                38s

  Push phase complete: Pinf 0.0000000e+00, Dinf 6.4257766e-12     38s


Root simplex log...

Iteration    Objective       Primal Inf.    Dual Inf.      Time
  183083    2.4189486e+07   0.000000e+00   0.000000e+00     38s
Crossover time: 14.13 seconds (13.44 work units)
  183083    2.4189486e+07   0.000000e+00   0.000000e+00     38s
Concurrent spin time: 1.77s

Solved with barrier

Root relaxation: objective 2.418949e+07, 183083 iterations, 28.47 seconds (25.38 work units)

    Nodes    |    Current Node    |     Objective Bounds      |     Work
 Expl Unexpl |  Obj  Depth IntInf | Incumbent    BestBd   Gap | It/Node Time

     0     0 2.4189e+07    0 4740 -6498.0000 2.4189e+07      -     -  113s
H    0     0                    -6448.348000 2.4189e+07      -     -  114s
H    0     0                    -6430.348000 2.4189e+07      -     -  114s
H    0     0                    -6382.724000 2.4189e+07      -     -  114s
H    0     0                    -6314.026276 2.4189e+07      -     -  114s
H    0     0                    -6278.768163 2.4189e+07      -     -  114s
H    0     0                    -4964.216228 2.4189e+07      -     -  114s
H    0     0                    -4952.300799 2.4189e+07      -     -  114s
H    0     0                    -4926.268349 2.4189e+07      -     -  114s
H    0     0                    -4896.383247 2.4189e+07      -     -  114s
H    0     0                    -4845.596859 2.4189e+07      -     -  114s
H    0     0                    -4757.969834 2.4189e+07      -     -  114s
H    0     0                    -4599.546853 2.4189e+07      -     -  114s
H    0     0                    -4590.232095 2.4189e+07      -     -  114s
H    0     0                    -4589.749715 2.4189e+07      -     -  114s
H    0     0                    -4505.287879 2.4189e+07      -     -  160s
H    0     0                    -4504.912486 2.4189e+07      -     -  160s
H    0     0                    -4493.084798 2.4189e+07      -     -  170s
H    0     0                    -4260.566857 2.4189e+07      -     -  170s
H    0     0                    -3853.549481 2.4189e+07      -     -  182s
H    0     0                    -3768.172950 2.4189e+07      -     -  182s
H    0     0                    -3696.093826 2.4189e+07      -     -  182s
H    0     0                    -3615.447486 2.4189e+07      -     -  182s
H    0     0                    -3443.214885 2.4189e+07      -     -  184s
H    0     0                    -3336.477532 2.4189e+07      -     -  184s
H    0     0                    -2980.649754 2.4189e+07      -     -  184s
H    0     0                    -2978.843145 2.4189e+07      -     -  185s
H    0     0                    -2963.490725 2.4189e+07      -     -  185s
H    0     0                    -2889.653133 2.4189e+07      -     -  186s
H    0     0                    -2865.438705 2.4189e+07      -     -  197s
H    0     0                    -2858.857642 2.4189e+07      -     -  211s
H    0     0                    -2782.327276 2.4189e+07      -     -  211s
H    0     0                    -2717.240027 2.4189e+07      -     -  214s
H    0     0                    -2716.114226 2.4189e+07      -     -  218s
H    0     0                    -2713.585198 2.4189e+07      -     -  218s
H    0     0                    -2546.552812 2.4189e+07      -     -  218s
H    0     0                    -2535.623404 2.4189e+07      -     -  220s
H    0     0                    -2458.656812 2.4189e+07      -     -  220s
H    0     0                    -2450.645300 2.4189e+07      -     -  220s
H    0     0                    -2449.110564 2.4189e+07      -     -  220s
H    0     0                    -2383.746612 2.4189e+07      -     -  224s
H    0     0                    -2361.473695 2.4189e+07      -     -  224s
H    0     0                    -2300.709378 2.4189e+07      -     -  224s
H    0     0                    -2269.005510 2.4189e+07      -     -  224s
H    0     0                    -2265.943095 2.4189e+07      -     -  226s
H    0     0                    -2171.920216 2.4189e+07      -     -  226s
H    0     0                    -2098.573510 2.4189e+07      -     -  226s
H    0     0                    -2032.985150 2.4189e+07      -     -  229s
H    0     0                    -2027.261304 2.4189e+07      -     -  229s
H    0     0                    -2012.389717 2.4189e+07      -     -  231s
H    0     0                    -1962.316651 2.4189e+07      -     -  231s
H    0     0                    -1954.746044 2.4189e+07      -     -  231s
H    0     0                    -1950.822011 2.4189e+07      -     -  231s
H    0     0                    -1915.117191 2.4189e+07      -     -  233s
H    0     0                    -1861.914618 2.4189e+07      -     -  233s
H    0     0                    -1853.952916 2.4189e+07      -     -  235s
H    0     0                    -1853.121727 2.4189e+07      -     -  235s
H    0     0                    -1852.928265 2.4189e+07      -     -  236s
H    0     0                    -1852.261090 2.4189e+07      -     -  236s
H    0     0                    -1851.829407 2.4189e+07      -     -  236s
H    0     0                    -1849.191276 2.4189e+07      -     -  238s
H    0     0                    -1845.532957 2.4189e+07      -     -  238s
H    0     0                    -1839.996461 2.4189e+07      -     -  238s
     0     0 284781.921    0 5600 -1839.9965 284781.921      -     -  385s
H    0     0                    -1684.924836 283777.120      -     -  414s
H    0     0                    -1610.165379 283777.120      -     -  444s
H    0     0                    -1530.973844 283777.120      -     -  454s
H    0     0                    -1449.988088 283777.120      -     -  518s
H    0     0                    -1303.297155 283777.120      -     -  553s
H    0     0                    -1223.102629 283777.120      -     -  595s
H    0     0                    -1144.073610 283777.120      -     -  612s
H    0     0                    -1108.050318 283777.120      -     -  632s
H    0     0                    -1105.142920 283777.120      -     -  655s
H    0     0                    -765.1654332 283777.120      -     -  658s
H    0     0                    -756.4433380 283777.120      -     -  662s
H    0     0                    -755.6720439 283777.120      -     -  662s
H    0     0                    -587.8707134 283777.120      -     -  664s
H    0     0                    -585.5350211 283777.120      -     -  669s
H    0     0                    -584.2082786 283777.120      -     -  669s
H    0     0                    -428.6349239 283777.120      -     -  675s
H    0     0                    -426.2992316 283777.120      -     -  680s
H    0     0                    -338.9042583 283777.120      -     -  680s
H    0     0                    -336.5685660 283777.120      -     -  683s
H    0     0                    -245.1930919 283777.120      -     -  683s
H    0     0                    -227.9005536 283777.120      -     -  687s
H    0     0                    -127.2418934 283777.120      -     -  687s
H    0     0                    -109.9493550 283777.120      -     -  690s
H    0     0                    -105.8018017 283777.120      -     -  692s
H    0     0                      -3.4926888 283777.120      -     -  692s
H    0     0                     141.4205392 283777.120      -     -  697s
H    0     0                     228.7929028 283777.120      -     -  705s
H    0     0                     239.4307766 283777.120      -     -  712s
H    0     0                     454.2738464 283777.120      -     -  726s
H    0     0                     476.3428119 283777.120      -     -  732s
H    0     0                     503.2543395 283777.120      -     -  741s
H    0     0                     521.2057978 283777.120      -     -  748s
H    0     0                     551.1087785 283777.120      -     -  752s
     0     0 283777.120    0 5568  551.10878 283777.120      -     -  799s
     0     0 184193.802    0 4997  551.10878 184193.802      -     -  925s
     0     0 174861.401    0 3606  551.10878 174861.401      -     - 1034s
     0     0 174861.376    0 3379  551.10878 174861.376      -     - 1093s
     0     0 174861.376    0 3424  551.10878 174861.376      -     - 1261s
     0     0 174861.376    0 3382  551.10878 174861.376      -     - 1343s
     0     0 174861.376    0 3424  551.10878 174861.376      -     - 1426s
     0     0 174861.376    0 3525  551.10878 174861.376      -     - 1523s
     0     0 174861.376    0 3457  551.10878 174861.376      -     - 1637s
     0     0 174861.376    0 3438  551.10878 174861.376      -     - 1638s
     0     0 174861.376    0 3438  551.10878 174861.376      -     - 1711s
     0     0 174861.376    0 3436  551.10878 174861.376      -     - 1715s
H    0     0                     552.9216932 174861.376      -     - 1855s
H    0     0                     557.0980088 174861.376      -     - 1878s
H    0     0                     559.5807674 174861.376      -     - 1893s
     0     2 174861.376    0 3436  559.58077 174861.376      -     - 1902s
     1     4 174861.376    1 3356  559.58077 174861.376      -   447 2135s
     3     6 174839.910    2 3173  559.58077 174861.376      - 32263 2387s
     5     8 174861.376    2 3165  559.58077 174861.376      - 35535 2796s
     7    12 174024.446    3 3228  559.58077 174861.376      - 32663 3285s
H    8    12                     562.3669743 174861.376      - 28580 3285s
    11    16 174852.204    3 3441  562.36697 174861.376      - 37140 4971s
    15    26 infeasible    4       562.36697 174861.376      - 53624 5661s
H   16    26                    1844.4621674 174861.376  9380% 50273 5661s
H   17    26                    3131.9003889 174861.376  5483% 47444 5662s
H   27    37                    3429.6507478 174861.376  4999% 32085 7790s
H   40    49                    3844.3661812 174861.376  4449% 31652 9404s
H   41    49                    3975.9971093 174861.376  4298% 31428 9404s
H   52    59                    4461.9722644 174861.376  3819% 31781 11179s
H   62    59                    4852.8227863 174861.376  3503% 27528 11179s
    68    70 infeasible    8      4852.82279 174861.376  3503% 25758 12256s
H   69    70                    5106.1089140 174861.376  3325% 25384 12256s
H   70    70                    5936.8181920 174861.376  2845% 25044 12256s
    81   107 173262.119    8 3269 5936.81819 174861.376  2845% 22182 13715s
   120   109 173172.434   11 3340 5936.81819 174861.376  2845% 16066 14846s
   124   106 173256.786   13 3077 5936.81819 174861.376  2845% 15863 16025s
   131   114 infeasible    8      5936.81819 174861.376  2845% 15270 17434s
   132   114 174861.376    6 3356 5936.81819 174861.376  2845% 15406 17435s
   141   160 173253.732   11 3279 5936.81819 174861.376  2845% 14811 18203s

Cutting planes:
  Learned: 7
  Gomory: 177
  Cover: 717
  Implied bound: 11692
  Clique: 1476
  MIR: 3145
  StrongCG: 39
  Flow cover: 93
  GUB cover: 62
  Zero half: 11
  RLT: 1564
  Relax-and-lift: 4173
  BQP: 89
  PSD: 29

Explored 191 nodes (2565448 simplex iterations) in 19486.38 seconds (16362.35 work units)
Thread count was 20 (of 20 available processors)

Solution count 2: 5936.82 

Solve interrupted (error code 10001)
Best objective 5.936818191990e+03, best bound 1.748613760117e+05, gap 2845.3719%

Gurobi 13.0.2 (win64) logging started Tue May 26 08:36:02 2026

Set parameter LogFile to value "outputs\gurobi\logs\large_score_r01_seed2012485100.log"
Gurobi Optimizer version 13.0.2 build v13.0.2rc1 (win64 - Windows 11+.0 (26200.2))

CPU model: 13th Gen Intel(R) Core(TM) i7-13650HX, instruction set [SSE2|AVX|AVX2]
Thread count: 14 physical cores, 20 logical processors, using up to 20 threads

Optimize a model with 723019 rows, 184326 columns and 3238729 nonzeros (Max)
Model fingerprint: 0x6c7791a9
Model has 179417 linear objective coefficients
Model has 1805 simple general constraints
  1805 INDICATOR
Variable types: 1351 continuous, 182975 integer (180634 binary)
Coefficient statistics:
  Matrix range     [1e+00, 5e+03]
  Objective range  [5e-01, 2e+01]
  Bounds range     [1e+00, 1e+05]
  RHS range        [1e+00, 6e+03]
  GenCon rhs range [2e+01, 2e+03]
  GenCon coe range [3e-01, 1e+00]

Presolve removed 356806 rows and 737 columns (presolve time = 5s)...
Presolve added 0 rows and 4306 columns
Presolve removed 349236 rows and 0 columns
Presolve time: 9.05s
Presolved: 373783 rows, 188632 columns, 2394943 nonzeros
Variable types: 1331 continuous, 187301 integer (184955 binary)
Found heuristic solution: objective -6498.000000

Deterministic concurrent LP optimizer: primal simplex, dual simplex, and barrier
Showing barrier log only...

Root barrier log...

Ordering time: 1.72s

Barrier statistics:
 Dense cols : 856
 AA' NZ     : 4.645e+06
 Factor NZ  : 9.068e+06 (roughly 300 MB of memory)
 Factor Ops : 3.873e+09 (less than 1 second per iteration)
 Threads    : 12

                  Objective                Residual
Iter       Primal          Dual         Primal    Dual     Compl     Time
   0  -1.14520585e+06  5.62157785e+08  2.41e+05 8.10e+00  1.30e+04    15s
   1   4.77516509e+06  7.64793522e+08  2.74e+04 7.09e+00  2.46e+03    15s
   2   8.25169067e+06  5.84062666e+08  1.68e+04 4.35e+00  1.54e+03    16s
   3   1.58061894e+07  4.24531840e+08  1.26e+04 2.64e+00  1.02e+03    16s
   4   1.90221519e+07  3.44923348e+08  8.81e+03 1.97e+00  7.49e+02    16s
   5   2.09517288e+07  2.80370443e+08  4.26e+03 1.51e+00  5.13e+02    16s
   6   2.10451682e+07  2.66113318e+08  4.07e+03 1.41e+00  4.84e+02    17s
   7   2.20835729e+07  2.07470874e+08  1.74e+03 1.04e+00  3.31e+02    17s
   8   2.22882422e+07  1.84814013e+08  1.56e+03 9.06e-01  2.89e+02    17s
   9   2.24043529e+07  1.61095558e+08  1.44e+03 7.65e-01  2.47e+02    17s
  10   2.25461245e+07  1.40988626e+08  1.26e+03 6.49e-01  2.10e+02    18s
  11   2.27148124e+07  1.33011258e+08  1.19e+03 6.03e-01  1.96e+02    18s
  12   2.28745439e+07  1.19604167e+08  1.07e+03 5.27e-01  1.72e+02    18s
  13   2.31207979e+07  1.11678946e+08  1.04e+03 4.81e-01  1.58e+02    19s
  14   2.32222758e+07  1.02043297e+08  9.63e+02 4.25e-01  1.41e+02    19s
  15   2.33063687e+07  9.87592398e+07  9.08e+02 4.07e-01  1.34e+02    19s
  16   2.35355556e+07  8.44716184e+07  3.48e+02 3.25e-01  1.02e+02    20s
  17   2.36086216e+07  8.11258531e+07  3.33e+02 3.07e-01  9.65e+01    20s
  18   2.36872470e+07  7.40491624e+07  3.01e+02 2.69e-01  8.45e+01    20s
  19   2.37167090e+07  7.27852464e+07  2.90e+02 2.62e-01  8.23e+01    20s
  20   2.38523245e+07  6.95774759e+07  2.63e+02 2.45e-01  7.67e+01    21s
  21   2.39424999e+07  6.68224479e+07  2.47e+02 2.30e-01  7.19e+01    21s
  22   2.39733403e+07  5.42386153e+07  2.35e+02 1.61e-01  5.12e+01    21s
  23   2.40993530e+07  4.50121828e+07  3.07e+01 1.11e-01  3.38e+01    22s
  24   2.41685789e+07  2.52467944e+07  3.96e+00 2.35e-03  1.57e+00    22s
  25   2.41888404e+07  2.42271203e+07  5.66e-02 5.02e-14  5.13e-02    22s
  26   2.41894848e+07  2.41896509e+07  1.61e-08 4.54e-14  2.23e-04    22s
  27   2.41894859e+07  2.41894859e+07  2.73e-11 3.61e-14  6.09e-09    23s

Barrier solved model in 27 iterations and 22.70 seconds (29.11 work units)
Optimal objective 2.41894859e+07


Root crossover log...

    4239 DPushes remaining with DInf 0.0000000e+00                23s
       0 DPushes remaining with DInf 0.0000000e+00                23s

  178848 PPushes remaining with PInf 0.0000000e+00                23s
  156758 PPushes remaining with PInf 0.0000000e+00                25s
   47523 PPushes remaining with PInf 0.0000000e+00                30s
       0 PPushes remaining with PInf 0.0000000e+00                35s

  Push phase complete: Pinf 0.0000000e+00, Dinf 6.4257766e-12     35s


Root simplex log...

Iteration    Objective       Primal Inf.    Dual Inf.      Time
  183083    2.4189486e+07   0.000000e+00   0.000000e+00     35s
Crossover time: 12.71 seconds (13.44 work units)
  183083    2.4189486e+07   0.000000e+00   0.000000e+00     36s
Concurrent spin time: 1.49s

Solved with barrier

Root relaxation: objective 2.418949e+07, 183083 iterations, 25.99 seconds (25.38 work units)

    Nodes    |    Current Node    |     Objective Bounds      |     Work
 Expl Unexpl |  Obj  Depth IntInf | Incumbent    BestBd   Gap | It/Node Time

     0     0 2.4189e+07    0 4740 -6498.0000 2.4189e+07      -     -   98s
H    0     0                    -6448.348000 2.4189e+07      -     -   98s
H    0     0                    -6430.348000 2.4189e+07      -     -   98s
H    0     0                    -6382.724000 2.4189e+07      -     -   98s
H    0     0                    -6314.026276 2.4189e+07      -     -   99s
H    0     0                    -6278.768163 2.4189e+07      -     -   99s
H    0     0                    -4964.216228 2.4189e+07      -     -   99s
H    0     0                    -4952.300799 2.4189e+07      -     -   99s
H    0     0                    -4926.268349 2.4189e+07      -     -   99s
H    0     0                    -4896.383247 2.4189e+07      -     -   99s
H    0     0                    -4845.596859 2.4189e+07      -     -   99s
H    0     0                    -4757.969834 2.4189e+07      -     -   99s
H    0     0                    -4599.546853 2.4189e+07      -     -   99s
H    0     0                    -4590.232095 2.4189e+07      -     -   99s
H    0     0                    -4589.749715 2.4189e+07      -     -   99s
H    0     0                    -4505.287879 2.4189e+07      -     -  135s
H    0     0                    -4504.912486 2.4189e+07      -     -  136s
H    0     0                    -4493.084798 2.4189e+07      -     -  141s
H    0     0                    -4260.566857 2.4189e+07      -     -  142s
H    0     0                    -3853.549481 2.4189e+07      -     -  154s
H    0     0                    -3768.172950 2.4189e+07      -     -  154s
H    0     0                    -3696.093826 2.4189e+07      -     -  154s
H    0     0                    -3615.447486 2.4189e+07      -     -  154s
H    0     0                    -3443.214885 2.4189e+07      -     -  156s
H    0     0                    -3336.477532 2.4189e+07      -     -  156s
H    0     0                    -2980.649754 2.4189e+07      -     -  157s
H    0     0                    -2978.843145 2.4189e+07      -     -  157s
H    0     0                    -2963.490725 2.4189e+07      -     -  157s
H    0     0                    -2889.653133 2.4189e+07      -     -  158s
H    0     0                    -2865.438705 2.4189e+07      -     -  170s
H    0     0                    -2858.857642 2.4189e+07      -     -  184s
H    0     0                    -2782.327276 2.4189e+07      -     -  184s
H    0     0                    -2717.240027 2.4189e+07      -     -  188s
H    0     0                    -2716.114226 2.4189e+07      -     -  192s
H    0     0                    -2713.585198 2.4189e+07      -     -  192s
H    0     0                    -2546.552812 2.4189e+07      -     -  192s
H    0     0                    -2535.623404 2.4189e+07      -     -  195s
H    0     0                    -2458.656812 2.4189e+07      -     -  195s
H    0     0                    -2450.645300 2.4189e+07      -     -  195s
H    0     0                    -2449.110564 2.4189e+07      -     -  195s
H    0     0                    -2383.746612 2.4189e+07      -     -  198s
H    0     0                    -2361.473695 2.4189e+07      -     -  198s
H    0     0                    -2300.709378 2.4189e+07      -     -  198s
H    0     0                    -2269.005510 2.4189e+07      -     -  198s
H    0     0                    -2265.943095 2.4189e+07      -     -  201s
H    0     0                    -2171.920216 2.4189e+07      -     -  201s
H    0     0                    -2098.573510 2.4189e+07      -     -  201s
H    0     0                    -2032.985150 2.4189e+07      -     -  203s
H    0     0                    -2027.261304 2.4189e+07      -     -  203s
H    0     0                    -2012.389717 2.4189e+07      -     -  205s
H    0     0                    -1962.316651 2.4189e+07      -     -  205s
H    0     0                    -1954.746044 2.4189e+07      -     -  205s
H    0     0                    -1950.822011 2.4189e+07      -     -  205s
H    0     0                    -1915.117191 2.4189e+07      -     -  207s
H    0     0                    -1861.914618 2.4189e+07      -     -  207s
H    0     0                    -1853.952916 2.4189e+07      -     -  209s
H    0     0                    -1853.121727 2.4189e+07      -     -  209s
H    0     0                    -1852.928265 2.4189e+07      -     -  211s
H    0     0                    -1852.261090 2.4189e+07      -     -  211s
H    0     0                    -1851.829407 2.4189e+07      -     -  211s
H    0     0                    -1849.191276 2.4189e+07      -     -  213s
H    0     0                    -1845.532957 2.4189e+07      -     -  213s
H    0     0                    -1839.996461 2.4189e+07      -     -  213s
     0     0 284781.921    0 5600 -1839.9965 284781.921      -     -  359s
H    0     0                    -1684.924836 283777.120      -     -  388s
H    0     0                    -1610.165379 283777.120      -     -  417s
H    0     0                    -1530.973844 283777.120      -     -  427s
H    0     0                    -1449.988088 283777.120      -     -  490s
H    0     0                    -1303.297155 283777.120      -     -  525s
H    0     0                    -1223.102629 283777.120      -     -  567s
H    0     0                    -1144.073610 283777.120      -     -  584s
H    0     0                    -1108.050318 283777.120      -     -  603s
H    0     0                    -1105.142920 283777.120      -     -  626s
H    0     0                    -765.1654332 283777.120      -     -  629s
H    0     0                    -756.4433380 283777.120      -     -  632s
H    0     0                    -755.6720439 283777.120      -     -  632s
H    0     0                    -587.8707134 283777.120      -     -  635s
H    0     0                    -585.5350211 283777.120      -     -  639s
H    0     0                    -584.2082786 283777.120      -     -  639s
H    0     0                    -428.6349239 283777.120      -     -  645s
H    0     0                    -426.2992316 283777.120      -     -  650s
H    0     0                    -338.9042583 283777.120      -     -  650s
H    0     0                    -336.5685660 283777.120      -     -  653s
H    0     0                    -245.1930919 283777.120      -     -  653s
H    0     0                    -227.9005536 283777.120      -     -  657s
H    0     0                    -127.2418934 283777.120      -     -  657s
H    0     0                    -109.9493550 283777.120      -     -  659s
H    0     0                    -105.8018017 283777.120      -     -  662s
H    0     0                      -3.4926888 283777.120      -     -  662s
H    0     0                     141.4205392 283777.120      -     -  667s
H    0     0                     228.7929028 283777.120      -     -  674s
H    0     0                     239.4307766 283777.120      -     -  682s
H    0     0                     454.2738464 283777.120      -     -  695s
H    0     0                     476.3428119 283777.120      -     -  701s
H    0     0                     503.2543395 283777.120      -     -  710s
H    0     0                     521.2057978 283777.120      -     -  717s
H    0     0                     551.1087785 283777.120      -     -  721s
     0     0 283777.120    0 5568  551.10878 283777.120      -     -  768s
     0     0 184193.802    0 4997  551.10878 184193.802      -     -  896s
     0     0 174861.401    0 3606  551.10878 174861.401      -     - 1007s
     0     0 174861.376    0 3379  551.10878 174861.376      -     - 1067s
     0     0 174861.376    0 3424  551.10878 174861.376      -     - 1241s
     0     0 174861.376    0 3382  551.10878 174861.376      -     - 1323s
     0     0 174861.376    0 3424  551.10878 174861.376      -     - 1406s
     0     0 174861.376    0 3525  551.10878 174861.376      -     - 1504s
     0     0 174861.376    0 3457  551.10878 174861.376      -     - 1620s
     0     0 174861.376    0 3438  551.10878 174861.376      -     - 1622s
     0     0 174861.376    0 3438  551.10878 174861.376      -     - 1696s
     0     0 174861.376    0 3436  551.10878 174861.376      -     - 1700s
H    0     0                     552.9216932 174861.376      -     - 1839s
H    0     0                     557.0980088 174861.376      -     - 1862s
H    0     0                     559.5807674 174861.376      -     - 1877s
     0     2 174861.376    0 3436  559.58077 174861.376      -     - 1886s
     1     4 174861.376    1 3356  559.58077 174861.376      -   447 2126s
     3     6 174839.910    2 3173  559.58077 174861.376      - 32263 2379s
     5     8 174861.376    2 3165  559.58077 174861.376      - 35535 2790s
     7    12 174024.446    3 3228  559.58077 174861.376      - 32663 3279s
H    8    12                     562.3669743 174861.376      - 28580 3279s
    11    16 174852.204    3 3441  562.36697 174861.376      - 37140 4932s
    15    26 infeasible    4       562.36697 174861.376      - 53624 5619s
H   16    26                    1844.4621674 174861.376  9380% 50273 5619s
H   17    26                    3131.9003889 174861.376  5483% 47444 5619s
    20    26 160066.614    4 3662 3131.90039 174861.376  5483% 41622 5620s
H   27    37                    3429.6507478 174861.376  4999% 32085 7760s
H   40    49                    3844.3661812 174861.376  4449% 31652 9427s
H   41    49                    3975.9971093 174861.376  4298% 31428 9427s
H   52    59                    4461.9722644 174861.376  3819% 31781 11191s
H   62    59                    4852.8227863 174861.376  3503% 27528 11191s
    68    70 infeasible    8      4852.82279 174861.376  3503% 25758 12262s
H   69    70                    5106.1089140 174861.376  3325% 25384 12262s
H   70    70                    5936.8181920 174861.376  2845% 25044 12262s
    81   107 173262.119    8 3269 5936.81819 174861.376  2845% 22182 13693s
   120   109 173172.434   11 3340 5936.81819 174861.376  2845% 16066 14816s
   124   106 173256.786   13 3077 5936.81819 174861.376  2845% 15863 15980s
   131   114 infeasible    8      5936.81819 174861.376  2845% 15270 17349s
   141   160 173253.732   11 3279 5936.81819 174861.376  2845% 14811 18125s
   191   173 172056.144   16 3225 5936.81819 174861.376  2845% 11349 19708s
   210   184 172056.144   17 3252 5936.81819 174861.376  2845% 10915 20378s
H  211   184                    6458.0371032 174861.376  2608% 10863 20378s
   225   234 172056.144   18 3249 6458.03710 174861.376  2608% 10457 20907s
   285   270 174755.420   16 3246 6458.03710 174861.376  2608%  8446 21469s
H  323   331                    6491.5348558 174861.376  2594%  7564 21832s
H  378   331                    6518.6186643 174861.376  2582%  6548 21832s
   384   390 171780.611   27 3488 6518.61866 174861.376  2582%  6458 22161s
   445   451 171780.588   28 3482 6518.61866 174861.376  2582%  5617 22487s
   508   540 171164.900   35 3240 6518.61866 174861.376  2582%  4957 22795s
   599   641 170746.172   43 3253 6518.61866 174861.376  2582%  4246 23076s
H  686   641                    6523.6709197 174861.376  2580%  3734 23076s
   702   736 170441.251   52 3168 6523.67092 174861.376  2580%  3656 23401s
H  797   750                    6524.6120962 174861.376  2580%  3253 23683s
H  799   750                    6525.5815458 174861.376  2580%  3245 23683s
H  801   750                    6558.5171667 174861.376  2566%  3238 23683s
   811   842 173012.074   49 3165 6558.51717 174861.376  2566%  3201 24014s
H  903   856                    6569.0913738 174861.376  2562%  2903 24397s
   917   869 169681.251   56 3219 6569.09137 174861.376  2562%  2862 24768s
   930   882 169681.251   57 3207 6569.09137 174861.376  2562%  2826 25235s
   945   894 169681.251   58 3256 6569.09137 174861.376  2562%  2785 25723s
   959   908 169681.251   59 3243 6569.09137 174861.376  2562%  2748 26200s
   973   922 168398.953   60 3271 6569.09137 174861.376  2562%  2713 26656s
   987   935 168195.007   61 3267 6569.09137 174861.376  2562%  2684 27154s
  1002   949 168195.007   62 3158 6569.09137 174861.376  2562%  2650 27732s
  1016   963 168195.007   63 3153 6569.09137 174861.376  2562%  2618 28250s
  1030   976 168195.007   64 3145 6569.09137 174861.376  2562%  2585 28733s
  1045   990 168020.246   65 3172 6569.09137 174861.376  2562%  2553 29214s
  1059  1003 167749.879   66 3181 6569.09137 174861.376  2562%  2522 29662s
H 1061  1003                    6571.2152677 174861.376  2561%  2518 29662s
H 1066  1003                    6668.2834045 174861.376  2522%  2508 29662s
  1072  1041 167749.879   67 3146 6668.28340 174861.376  2522%  2496 30091s
H 1076  1041                    6677.2804854 174861.376  2519%  2487 30091s
H 1100  1041                    6678.8939308 174861.376  2518%  2442 30091s
  1112  1079 167749.879   69 3143 6678.89393 174861.376  2518%  2420 30527s
H 1116  1079                    6730.9502945 174861.376  2498%  2412 30527s
  1152  1227 167749.879   72 3141 6730.95029 174861.376  2498%  2347 31023s
H 1292  1227                    6732.2347197 174861.376  2497%  2124 31023s
  1310  1345 167749.879   89 3093 6732.23472 174861.376  2497%  2099 31542s
  1434  1472 167749.879   91 3096 6732.23472 174861.376  2497%  1942 32094s
H 1530  1472                    6735.5680531 174861.376  2496%  1839 32094s
  1573  1485 167479.953  100 3107 6735.56805 174861.376  2496%  1795 32496s
H 1574  1485                    6776.3307902 174861.376  2480%  1794 32496s
H 1576  1485                    6979.2886616 174861.376  2405%  1794 32496s
  1586  1668 167479.953  101 3166 6979.28866 174861.376  2405%  1787 32994s
  1771  1884 167233.123  109 3151 6979.28866 174861.376  2405%  1665 33461s
  1992  1885 171391.378  147 3436 6979.28866 174861.376  2405%  1519 33899s
H 1993  1791                    6985.7172330 174861.376  2403%  1519 34243s
H 1993  1702                    6987.8600902 174861.376  2402%  1519 34254s
H 1993  1617                    6995.8627607 174861.376  2399%  1519 34266s
H 1993  1536                    6996.3380083 174861.376  2399%  1519 34275s
H 1993  1459                    7004.2179692 174861.376  2397%  1519 34286s
H 1993  1386                    7008.5409436 174861.376  2395%  1519 34315s
H 1993  1317                    7020.4347489 174861.376  2391%  1519 34327s
H 1993  1251                    7027.2366373 174861.376  2388%  1519 34343s
H 1993  1188                    7028.5339346 174861.376  2388%  1519 34357s
H 1993  1129                    7070.0582778 174861.376  2373%  1519 34383s
H 1993  1072                    7075.3291046 174861.376  2371%  1519 34383s
H 1994  1019                    7120.1399771 174861.376  2356%  1518 35084s
H 1994   968                    7131.3757446 174861.376  2352%  1518 35089s
H 1994   919                    7145.5533831 174861.376  2347%  1518 35100s
H 1994   873                    7149.9903578 174861.376  2346%  1518 35101s
H 1994   829                    7153.9028743 174861.376  2344%  1518 35108s
H 1994   788                    7187.9915599 174861.376  2333%  1518 35118s
H 1994   748                    7189.0128365 174861.376  2332%  1518 35128s
H 1994   711                    7267.3280430 174861.376  2306%  1518 35137s
H 1994   675                    7381.6696083 174861.376  2269%  1518 35142s
H 1994   641                    7415.6541530 174861.376  2258%  1518 35154s
H 1994   609                    7420.3561938 174861.376  2257%  1518 35164s
H 1994   579                    7438.1968300 174861.376  2251%  1518 35179s
H 1994   550                    7476.4366430 174861.376  2239%  1518 35184s
H 1994   522                    7492.1892389 174861.376  2234%  1518 35184s
H 1994   496                    7494.7012937 174861.376  2233%  1518 35203s
H 1994   471                    7500.7606675 174861.376  2231%  1518 35203s
H 1994   447                    7501.6502928 174861.376  2231%  1518 35227s
H 1994   425                    7537.4107340 174861.376  2220%  1518 35232s
H 1994   404                    7555.3294085 174861.376  2214%  1518 35255s
H 1994   383                    7558.9154861 174861.376  2213%  1518 35263s
H 1994   364                    7592.4030718 174861.376  2203%  1518 35263s
H 1994   346                    7592.4030850 174861.376  2203%  1518 35303s
H 1994   329                    7651.4083016 174861.376  2185%  1518 35303s
  1995   330 171864.068   65 3502 7651.40830 174861.376  2185%  1517 35373s
  1996   331 171158.373  139 3538 7651.40830 174861.376  2185%  1516 35606s
  1997   331 171633.618   24 3505 7651.40830 174861.376  2185%  1516 35934s
  1998   332 171158.373  136 3457 7651.40830 174861.376  2185%  1515 36242s
  1999   333 171392.097  113 3455 7651.40830 174861.376  2185%  1514 36409s
  2000   333 171391.378  164 3377 7651.40830 174861.376  2185%  1513 36675s
  2001   334 169725.071  122 3395 7651.40830 174861.376  2185%  1513 36939s
  2002   335 172379.037   24 3330 7651.40830 174861.376  2185%  1512 37231s
  2003   335 171392.097  129 3292 7651.40830 174861.376  2185%  1511 37414s
  2004   336 172214.759   55 3300 7651.40830 174861.376  2185%  1510 37674s
  2005   337 174754.192   24 3248 7651.40830 174861.376  2185%  1510 37886s
  2006   337 173021.516   84 3243 7651.40830 174861.376  2185%  1509 38119s
  2007   338 172250.862   97 3239 7651.40830 174861.376  2185%  1508 38296s
  2008   339 172250.862  158 3235 7651.40830 174861.376  2185%  1507 38604s
  2009   339 170112.483  108 3210 7651.40830 174861.376  2185%  1507 38887s
  2010   340 172842.568  112 3246 7651.40830 174861.376  2185%  1506 39114s
  2011   341 167479.953   97 3228 7651.40830 174861.376  2185%  1505 39343s
H 2011   323                    7684.0753823 174861.376  2176%  1505 40005s
H 2011   307                    7698.9027868 174861.376  2171%  1505 40017s
H 2011   291                    7703.2664232 174861.376  2170%  1505 40028s
H 2011   276                    7706.6234719 174861.376  2169%  1505 40045s
H 2011   262                    7750.6705324 174861.376  2156%  1505 40063s
H 2011   249                    7752.8998866 174861.376  2155%  1505 40074s
H 2011   236                    7797.4560619 174861.376  2143%  1505 40084s
H 2011   224                    7835.1882949 174861.376  2132%  1505 40100s
H 2011   212                    7839.5519313 174861.376  2131%  1505 40112s
H 2011   201                    7841.5687380 174861.376  2130%  1505 40122s
H 2011   191                    7858.4822731 174861.376  2125%  1505 40141s
H 2011   181                    7859.5257514 174861.376  2125%  1505 40145s
H 2011   172                    7862.6966007 174861.376  2124%  1505 40152s
H 2011   163                    7885.7158188 174861.376  2117%  1505 40171s
H 2011   154                    7988.1070000 174861.376  2089%  1505 40247s
H 2011   146                    8001.2438421 174861.376  2085%  1505 40287s
H 2011   139                    8007.2922960 174861.376  2084%  1505 40287s
H 2011   131                    8049.7797739 174861.376  2072%  1505 40307s
H 2011   124                    8050.2029891 174861.376  2072%  1505 40384s
H 2011   118                    8050.6063505 174861.376  2072%  1505 40406s
H 2011   112                    8050.7840279 174861.376  2072%  1505 40433s
H 2011   106                    8055.0060428 174861.376  2071%  1505 40433s
H 2011   100                    8056.2316350 174861.376  2071%  1505 40475s
H 2011    95                    8057.5074491 174861.376  2070%  1505 40489s
H 2011    90                    8133.3210271 174861.376  2050%  1505 40501s
H 2011    85                    8133.5949459 174861.376  2050%  1505 40512s
H 2011    80                    8134.3966574 174861.376  2050%  1505 40513s
H 2011    76                    8135.6067414 174861.376  2049%  1505 40513s
H 2011    72                    8138.6705712 174861.376  2049%  1505 40513s
  2012    72 173012.074   46 3251 8138.67057 174861.376  2049%  1504 40599s
  2013    73 169924.572   91 3237 8138.67057 174861.376  2049%  1504 41632s
  2014    74 171502.191  107 3214 8138.67057 174861.376  2049%  1503 41858s
  2015    74 172250.862  155 3179 8138.67057 174861.376  2049%  1502 42253s
H 2015    70                    8142.5497105 174861.376  2048%  1502 42510s
H 2015    66                    8152.1380668 174861.376  2045%  1502 42566s
H 2015    62                    8161.3748526 174861.376  2043%  1502 42576s
H 2015    59                    8168.3566436 174861.376  2041%  1502 42650s
H 2015    55                    8184.4757247 174861.376  2037%  1502 42650s
H 2015    52                    8186.0977980 174861.376  2036%  1502 42671s
H 2015    49                    8191.4241970 174861.376  2035%  1502 42671s
H 2015    46                    8211.1462393 174861.376  2030%  1502 42671s
H 2015    43                    8216.0445358 174861.376  2028%  1502 42812s
H 2015    41                    8232.7413253 174861.376  2024%  1502 42898s
H 2015    38                    8238.2270396 174861.376  2023%  1502 42900s
H 2015    36                    8245.4644466 174861.376  2021%  1502 42914s
H 2015    34                    8247.1045683 174861.376  2020%  1502 42951s

Cutting planes:
  Learned: 2
  Gomory: 78
  Cover: 165
  Implied bound: 5582
  Projected implied bound: 90
  Clique: 1624
  MIR: 107
  Mixing: 2
  StrongCG: 24
  Flow cover: 753
  GUB cover: 44
  Zero half: 1
  RLT: 148
  Relax-and-lift: 5552
  BQP: 2
  PSD: 14

Explored 2015 nodes (3870069 simplex iterations) in 42965.03 seconds (37799.93 work units)
Thread count was 20 (of 20 available processors)

Solution count 10: 8247.1 8245.46 8238.23 ... 8168.36

Solve interrupted
Best objective 8.247104568349e+03, best bound 1.748613760117e+05, gap 2020.2760%
