
Gurobi 13.0.2 (win64) logging started Tue May 26 20:32:50 2026

Set parameter LogFile to value "outputs\gurobi\logs\medium_score_r01_seed550665828.log"
Gurobi Optimizer version 13.0.2 build v13.0.2rc1 (win64 - Windows 11+.0 (26200.2))

CPU model: 13th Gen Intel(R) Core(TM) i7-13650HX, instruction set [SSE2|AVX|AVX2]
Thread count: 14 physical cores, 20 logical processors, using up to 20 threads

Optimize a model with 154155 rows, 40180 columns and 686806 nonzeros (Max)
Model fingerprint: 0xfe77f2f6
Model has 37908 linear objective coefficients
Model has 810 simple general constraints
  810 INDICATOR
Variable types: 626 continuous, 39554 integer (38464 binary)
Coefficient statistics:
  Matrix range     [1e+00, 4e+03]
  Objective range  [5e-01, 2e+01]
  Bounds range     [1e+00, 1e+05]
  RHS range        [1e+00, 5e+03]
  GenCon rhs range [2e+01, 1e+03]
  GenCon coe range [3e-01, 1e+00]

Presolve added 0 rows and 820 columns
Presolve removed 72640 rows and 0 columns
Presolve time: 1.75s
Presolved: 81515 rows, 41000 columns, 547344 nonzeros
Variable types: 611 continuous, 40389 integer (39298 binary)
Found heuristic solution: objective -2808.000000

Deterministic concurrent LP optimizer: primal simplex, dual simplex, and barrier
Showing barrier log only...

Root barrier log...

Ordering time: 0.17s

Barrier statistics:
 Dense cols : 394
 AA' NZ     : 1.110e+06
 Factor NZ  : 2.007e+06 (roughly 70 MB of memory)
 Factor Ops : 3.957e+08 (less than 1 second per iteration)
 Threads    : 12

                  Objective                Residual
Iter       Primal          Dual         Primal    Dual     Compl     Time
   0  -5.59737823e+05  6.17183233e+07  1.04e+05 8.10e+00  1.15e+04     3s
   1  -2.20981162e+05  1.03845363e+08  7.40e+04 7.33e+00  7.74e+03     3s
   2   5.21072058e+05  1.05144440e+08  4.69e+04 4.90e+00  4.98e+03     3s
   3   4.33856332e+06  1.01590275e+08  2.52e+04 3.45e+00  2.86e+03     3s
   4   5.07472656e+06  9.37313378e+07  1.38e+04 2.44e+00  1.72e+03     3s
   5   7.27133607e+06  8.39618819e+07  1.15e+04 1.83e+00  1.38e+03     3s
   6   8.74822286e+06  8.01073382e+07  9.72e+03 1.64e+00  1.19e+03     3s
   7   8.87734498e+06  6.40905878e+07  2.83e+02 1.03e+00  3.99e+02     3s
   8   8.90956295e+06  4.66345731e+07  2.64e+02 6.83e-01  2.73e+02     3s
   9   8.98531034e+06  4.51243843e+07  2.54e+02 6.57e-01  2.62e+02     3s
  10   9.19994844e+06  4.01169408e+07  1.92e+02 5.62e-01  2.23e+02     3s
  11   9.38788172e+06  3.73572449e+07  1.55e+02 5.07e-01  2.01e+02     3s
  12   9.48279029e+06  3.43700169e+07  1.44e+02 4.48e-01  1.79e+02     3s
  13   9.69237627e+06  3.17423677e+07  9.87e+01 3.97e-01  1.58e+02     3s
  14   9.77548950e+06  3.01614551e+07  9.27e+01 3.68e-01  1.46e+02     3s
  15   9.86973315e+06  2.85728277e+07  8.03e+01 3.37e-01  1.34e+02     3s
  16   9.94673121e+06  2.66632247e+07  7.40e+01 3.02e-01  1.20e+02     3s
  17   9.99096549e+06  2.47083768e+07  6.65e+01 2.64e-01  1.06e+02     3s
  18   1.00278381e+07  2.34207326e+07  6.48e+01 2.38e-01  9.65e+01     4s
  19   1.00319616e+07  2.24010135e+07  6.24e+01 2.19e-01  8.91e+01     4s
  20   1.01585684e+07  2.19035182e+07  4.49e+01 2.10e-01  8.46e+01     4s
  21   1.01771077e+07  2.16195108e+07  4.34e+01 2.05e-01  8.25e+01     4s
  22   1.01531577e+07  2.11682764e+07  4.21e+01 1.97e-01  7.92e+01     4s
  23   1.02727086e+07  1.98454488e+07  3.90e+01 1.70e-01  6.93e+01     4s
  24   1.03761693e+07  1.23570759e+07  6.16e+00 2.73e-02  1.38e+01     4s
  25   1.04119777e+07  1.07301681e+07  1.26e+00 3.62e-03  2.17e+00     4s
  26   1.04289152e+07  1.04464912e+07  2.89e-01 1.01e-04  1.14e-01     4s
  27   1.04336142e+07  1.04336952e+07  3.09e-03 2.04e-07  5.14e-04     4s
  28   1.04336638e+07  1.04336638e+07  3.70e-09 5.50e-11  8.26e-10     4s

Barrier solved model in 28 iterations and 3.85 seconds (5.69 work units)
Optimal objective 1.04336638e+07

Crossover changed status from Optimal to Time Limit
Concurrent spin time: 0.31s (can be avoided by choosing Method=3)

Solved with dual simplex

Root relaxation: objective 1.043366e+07, 13740 iterations, 1.98 seconds (2.29 work units)

    Nodes    |    Current Node    |     Objective Bounds      |     Work
 Expl Unexpl |  Obj  Depth IntInf | Incumbent    BestBd   Gap | It/Node Time

     0     0 1.0434e+07    0 1741 -2808.0000 1.0434e+07      -     -    6s
H    0     0                    -2722.727294 1.0434e+07      -     -    9s
H    0     0                    -2149.437813 1.0434e+07      -     -   10s
H    0     0                    -2113.437813 1.0434e+07      -     -   10s
H    0     0                    -2109.785639 1.0434e+07      -     -   10s
H    0     0                    -2106.335694 1.0434e+07      -     -   10s
H    0     0                    -2045.730207 1.0434e+07      -     -   10s
H    0     0                    -2040.512815 1.0434e+07      -     -   11s
H    0     0                    -2025.430855 1.0434e+07      -     -   11s
H    0     0                    -2024.960266 1.0434e+07      -     -   11s
H    0     0                    -2024.489678 1.0434e+07      -     -   11s
H    0     0                    -1736.533789 74423.2852  4386%     -   19s
     0     0 74423.2852    0 1892 -1736.5338 74423.2852  4386%     -   20s
H    0     0                    -1575.841138 74021.7604  4797%     -   21s
H    0     0                    -1361.136064 74021.7604  5538%     -   21s
H    0     0                    -1261.505798 74021.7604  5968%     -   22s
H    0     0                    -866.7344093 74021.7604  8640%     -   22s
H    0     0                    -859.2596849 74021.7604  8715%     -   22s
H    0     0                    -857.8046950 74021.7604  8729%     -   23s
H    0     0                    -855.2468500 74021.7604  8755%     -   23s
H    0     0                    -850.1735327 74021.7604  8807%     -   23s
H    0     0                    -846.9981036 74021.7604  8839%     -   23s
H    0     0                    -846.3118727 74021.7604  8846%     -   24s
H    0     0                    -846.2525204 74021.7604  8847%     -   25s
     0     0 74021.7604    0 1967 -846.25252 74021.7604  8847%     -   33s
     0     0 50664.2967    0 1205 -846.25252 50664.2967  6087%     -   37s
     0     0 50664.2967    0 1214 -846.25252 50664.2967  6087%     -   44s
     0     0 50664.2967    0 1331 -846.25252 50664.2967  6087%     -   63s
H    0     0                    -827.3334140 50664.2967  6224%     -   64s
H    0     0                    -707.6555781 50664.2967  7259%     -   65s
H    0     0                    -700.7172484 50664.2967  7330%     -   65s
     0     0 50664.2967    0 1330 -700.71725 50664.2967  7330%     -   75s
     0     0 50664.2967    0 1331 -700.71725 50664.2967  7330%     -   98s
H    0     0                     347.7491000 50664.2967      -     -   98s
H    0     0                     354.8775898 50664.2967      -     -   99s
H    0     0                     355.1221382 50664.2967      -     -   99s
H    0     0                     356.9381017 50664.2967      -     -   99s
H    0     0                     366.8591543 50664.2967      -     -   99s
H    0     0                     370.0873075 50664.2967      -     -   99s
H    0     0                     370.9008669 50664.2967      -     -   99s
H    0     0                     713.8001955 50664.2967  6998%     -   99s
H    0     0                     714.4317744 50664.2967  6992%     -   99s
H    0     0                     737.2182913 50664.2967  6772%     -   99s
H    0     0                     750.2268490 50664.2967  6653%     -   99s
H    0     0                     764.8104421 50664.2967  6524%     -   99s
H    0     0                     769.6935590 50664.2967  6482%     -   99s
H    0     0                     780.3897124 50664.2967  6392%     -   99s
H    0     0                     782.7021167 50664.2967  6373%     -   99s
H    0     0                     816.3220890 50664.2967  6106%     -   99s
H    0     0                     822.7698502 50664.2967  6058%     -   99s
H    0     0                     829.7866311 50664.2967  6006%     -   99s
     0     0 50664.2967    0 1335  829.78663 50664.2967  6006%     -  114s
     0     0 50664.2967    0 1325  829.78663 50664.2967  6006%     -  129s
     0     0 50664.2967    0 1323  829.78663 50664.2967  6006%     -  143s
H    0     0                     910.8626311 50664.2967  5462%     -  144s
H    0     0                     976.9203763 50664.2967  5086%     -  144s
H    0     0                     984.3952798 50664.2967  5047%     -  144s
H    0     0                     995.2368920 50664.2967  4991%     -  144s
H    0     0                     996.7771025 50664.2967  4983%     -  144s
H    0     0                    1003.8007541 50664.2967  4947%     -  144s
H    0     0                    1008.8722547 50664.2967  4922%     -  144s
H    0     0                    1009.0264932 50664.2967  4921%     -  145s
     0     0 50664.2967    0 1382 1009.02649 50664.2967  4921%     -  162s
     0     0 50664.2967    0 1348 1009.02649 50664.2967  4921%     -  177s
     0     0 50664.2967    0 1348 1009.02649 50664.2967  4921%     -  189s
     0     0 50664.2967    0 1342 1009.02649 50664.2967  4921%     -  198s
H    0     0                    1009.0826455 50664.2967  4921%     -  213s
H    0     0                    1011.1461278 50664.2967  4911%     -  214s
H    0     0                    1011.9083816 50664.2967  4907%     -  214s
H    0     0                    1034.6472287 50664.2967  4797%     -  214s
H    0     0                    1226.6358521 50664.2967  4030%     -  214s
H    0     0                    1319.7449430 50664.2967  3739%     -  214s
H    0     0                    1403.3365074 50664.2967  3510%     -  215s
H    0     0                    1461.1688317 50664.2967  3367%     -  215s
H    0     0                    1464.3685022 50664.2967  3360%     -  215s
H    0     0                    1513.2892075 50664.2967  3248%     -  215s
H    0     0                    1543.9981890 50664.2967  3181%     -  215s
H    0     0                    1547.4890981 50664.2967  3174%     -  215s
H    0     0                    1563.5224932 50664.2967  3140%     -  215s
H    0     0                    1634.2777288 50664.2967  3000%     -  215s
H    0     0                    1637.7686379 50664.2967  2993%     -  215s
H    0     0                    1769.4849976 50664.2967  2763%     -  215s
H    0     0                    1824.9196755 50664.2967  2676%     -  215s
H    0     0                    1826.5748479 50664.2967  2674%     -  215s
H    0     2                    2537.0293368 50664.2967  1897%     -  226s
     0     2 50664.2967    0 1342 2537.02934 50664.2967  1897%     -  226s
     1     4 50664.2967    1 1271 2537.02934 50664.2967  1897%   264  296s
H    3     8                    3165.4373301 50664.2967  1501% 24040  332s
H    3     8                    3674.1573569 50664.2967  1279% 24040  332s
H    7    16                    3942.7699916 50664.2967  1185% 16674  417s
H    9    16                    4180.0190472 50664.2967  1112% 15173  417s
H   15    27                    4186.9670822 50664.2967  1110% 18013  499s
H   15    27                    4290.1489103 50664.2967  1081% 18013  499s
H   16    27                    4464.3047156 50664.2967  1035% 17878  499s
H   18    27                    4636.0994044 50664.2967   993% 19189  499s
H   28    39                    4646.5115926 50664.2967   990% 18490  540s
H   29    39                    4736.4445161 50664.2967   970% 17951  540s
H   31    39                    4792.3806707 50664.2967   957% 16960  540s
H   32    39                    4917.0153289 50664.2967   930% 16551  540s
H   42    63                    5062.5647500 50664.2967   901% 13588  643s
H   57    63                    5095.8381174 50664.2967   894% 10629  643s
H   70    97                    5160.4278538 50664.2967   882%  9214  684s
H   72    97                    5261.2771508 50664.2967   863%  9025  684s
H   81    97                    5324.3228555 50664.2967   852%  8221  684s
H   82    97                    5336.5094893 50664.2967   849%  8131  685s
H   91    97                    5478.2300950 50664.2967   825%  7449  685s
H   96    97                    5618.7205930 50664.2967   802%  7096  685s
   116   140 49372.3924   10 1550 5618.72059 50664.2967   802%  6134  716s
   177   190 infeasible    9      5618.72059 50664.2967   802%  4383  737s
   241   236 50662.5617    9 1431 5618.72059 50664.2967   802%  3363  751s
   295   282 50432.8462   13 1457 5618.72059 50664.2967   802%  2849  762s
H  351   325                    5652.1895006 50664.2967   796%  2459  778s
   396   372 50432.8365   17 1514 5652.18950 50664.2967   796%  2245  792s
   449   418 50431.2538   19 1493 5652.18950 50664.2967   796%  2038  804s
H  483   418                    5660.0804097 50664.2967   795%  1925  804s
H  495   418                    5740.7319294 50664.2967   783%  1887  804s
   503   475 50431.2538   21 1414 5740.73193 50664.2967   783%  1870  819s
   562   489 50431.1228   26 1399 5740.73193 50664.2967   783%  1723  827s
H  563   489                    5778.1250523 50664.2967   777%  1720  827s
H  564   489                    6128.8152308 50664.2967   727%  1717  827s
   576   565 50431.1228   27 1387 6128.81523 50664.2967   727%  1697  843s
H  654   649                    6141.4594250 50664.2967   725%  1535  855s
H  678   649                    6145.0562808 50664.2967   724%  1492  855s
H  714   649                    6160.1965678 50664.2967   722%  1431  855s
   740   722 50429.8214   43 1342 6160.19657 50664.2967   722%  1392  870s
   817   802 50427.2327   45 1358 6160.19657 50664.2967   722%  1293  885s
   901   816 50426.6591   53 1325 6160.19657 50664.2967   722%  1203  894s
H  903   816                    6179.8147496 50664.2967   720%  1201  894s
H  905   816                    6197.4534485 50664.2967   718%  1200  894s
H  913   816                    6350.8236987 50664.2967   698%  1192  894s
   915   912 50325.9716   54 1368 6350.82370 50664.2967   698%  1190  907s
H 1011  1018                    6359.7538160 50664.2967   697%  1106  924s
  1119  1112 50425.2776   70 1325 6359.75382 50664.2967   697%  1027  941s
  1218  1127 50421.8847   74 1325 6359.75382 50664.2967   697%   969  980s
H 1224  1127                    6381.1830037 50664.2967   694%   966  980s
  1235  1143 50421.5344   75 1313 6381.18300 50664.2967   694%   960  989s
H 1236  1143                    6437.6349157 50664.2967   687%   960  989s
H 1241  1143                    6478.4409216 50664.2967   682%   957  989s
  1251  1254 50421.2208   76 1312 6478.44092 50664.2967   682%   952 1007s
  1366  1371 50321.2099   79 1305 6478.44092 50664.2967   682%   898 1029s
H 1421  1371                    6481.3374733 50664.2967   682%   876 1029s
  1489  1504 50418.9525   83 1325 6481.33747 50664.2967   682%   851 1046s
  1624  1650 50418.0761   88 1310 6481.33747 50664.2967   682%   802 1063s
H 1760  1650                    6503.8239598 50664.2967   679%   760 1063s
H 1770  1664                    6714.2704574 50664.2967   655%   757 1077s
  1786  1814 50415.9612   95 1302 6714.27046 50664.2967   655%   754 1095s
  1938  2002 50417.1104  101 1304 6714.27046 50664.2967   655%   716 1114s
H 1994  2002                    6717.5808022 50664.2967   654%   701 1114s
  2128  2179 50416.4839  110 1264 6717.58080 50664.2967   654%   672 1137s
  2315  2334 50414.4995  121 1281 6717.58080 50664.2967   654%   635 1159s
H 2476  2348                    6879.9003748 50664.2967   636%   610 1170s
  2490  2494 50179.8026  136 1314 6879.90037 50664.2967   636%   609 1198s
H 2654  2651                    6888.4476631 50664.2967   635%   588 1226s
  2821  2770 50154.0102  153 1289 6888.44766 50664.2967   635%   569 1254s
  2949  2928 50032.0657  164 1243 6888.44766 50664.2967   635%   557 1282s
  3131  3014 49967.5666  178 1243 6888.44766 50664.2967   635%   543 1310s
H 3223  3027                    6952.5231122 50664.2967   629%   556 1325s
  3238  3224 49957.2422  180 1237 6952.52311 50664.2967   629%   558 1353s
  3440  3435 infeasible  191      6952.52311 50664.2967   629%   550 1384s
H 3639  3435                    6961.3956503 50664.2967   628%   540 1384s
  3669  3636 49377.2898  204 1192 6961.39565 50664.2967   628%   538 1415s
  3876  3786 49373.1638  212 1250 6961.39565 50664.2967   628%   535 1449s
H 3924  3786                    6965.9350047 50664.2967   627%   534 1449s
H 4032  3798                    7122.0169107 50664.2967   611%   545 1466s
  4046  3997 49375.5876  217 1227 7122.01691 50664.2967   611%   545 1496s
H 4078  3997                    7122.5169107 50664.2967   611%   543 1496s
H 4100  3997                    7124.7217802 50664.2967   611%   543 1496s
H 4216  3997                    7130.3078198 50664.2967   611%   539 1496s
  4247  4229 49374.9493  226 1221 7130.30782 50664.2967   611%   538 1533s
H 4368  4229                    7132.0680504 50664.2967   610%   533 1533s
  4490  4529 49374.7862  234 1230 7132.06805 50664.2967   610%   528 1575s
H 4801  4813                    7132.5628958 50664.2967   610%   513 1611s
H 5104  4827                    7137.3628958 50664.2967   610%   502 1641s
H 5105  4827                    7149.2697969 50664.2967   609%   501 1641s
H 5108  4827                    7165.0978639 50664.2967   607%   501 1641s
H 5116  4827                    7222.8295327 50664.2967   601%   501 1641s
H 5118  4844                    7237.6057072 50664.2967   600%   501 1663s
H 5119  4844                    7240.0961141 50664.2967   600%   501 1663s
H 5126  4844                    7308.9069096 50664.2967   593%   500 1663s
H 5131  4844                    7316.8550670 50664.2967   592%   500 1663s
  5137  5179 49373.8286  264 1242 7316.85507 50664.2967   592%   500 1705s
  5480  5489 49372.1050  280 1246 7316.85507 50664.2967   592%   485 1752s
  5810  5744 49371.3836  294 1241 7316.85507 50664.2967   592%   474 1804s
  6082  6012 49371.2704  301 1190 7316.85507 50664.2967   592%   467 1856s
H 6368  6077                    7342.7482666 50664.2967   590%   457 1895s
H 6370  6077                    7361.6819912 50664.2967   588%   457 1895s
H 6396  6077                    7369.0612095 50664.2967   588%   458 1895s
H 6433  6102                    7401.8156364 50664.2967   584%   460 1925s
H 6436  6102                    7406.8986321 50664.2967   584%   460 1925s
H 6439  6102                    7489.5549839 50664.2967   576%   460 1925s
  6458  6412 49370.0666  329 1189 7489.55498 50664.2967   576%   460 1982s
  6790  6723 49369.1402  345 1160 7489.55498 50664.2967   576%   454 2038s
  7117  6943 49366.5080  368 1234 7489.55498 50664.2967   576%   452 2095s
  7349  7211 49366.1736  387 1201 7489.55498 50664.2967   576%   461 2157s
H 7655  7222                    7491.5767794 50664.2967   576%   462 2218s
H 7656  7222                    7491.9169207 50664.2967   576%   462 2218s
H 7660  7222                    7492.4562466 50664.2967   576%   462 2218s
H 7661  7222                    7498.2348699 50664.2967   576%   462 2218s
H 7662  7222                    7501.9578711 50664.2967   575%   462 2218s
H 7671  7222                    7505.2551684 50664.2967   575%   462 2237s
  7672  7223 49662.2134   83 1342 7505.25517 50664.2967   575%   462 2327s
H 7673  6862                    7505.6625687 50664.2967   575%   462 2348s
H 7673  6519                    7506.1111668 50664.2967   575%   462 2349s
H 7673  6193                    7506.1127749 50664.2967   575%   462 2349s
H 7673  5883                    7506.1308796 50664.2967   575%   462 2350s
H 7673  5589                    7506.5924180 50664.2967   575%   462 2350s
H 7673  5310                    7506.6209895 50664.2967   575%   462 2350s
H 7673  5044                    7506.6247821 50664.2967   575%   462 2351s
H 7673  4792                    7507.0495609 50664.2967   575%   462 2352s
H 7673  4552                    7507.0506342 50664.2967   575%   462 2373s
H 7673  4325                    7507.6087738 50664.2967   575%   462 2373s
H 7673  4109                    7515.4227273 50664.2967   574%   462 2373s
H 7673  3903                    7515.7702497 50664.2967   574%   462 2373s
H 7673  3708                    7519.2534965 50664.2967   574%   462 2373s
H 7673  3522                    7521.5611888 50664.2967   574%   462 2373s
  7674  3522 41942.7700  118 1002 7521.56119 50664.2967   574%   462 2376s
H 7674  3346                    7521.5994543 50664.2967   574%   462 2442s
H 7674  3179                    7522.0097107 50664.2967   574%   462 2442s
H 7674  3020                    7522.4500777 50664.2967   574%   462 2444s
H 7674  2869                    7522.5285091 50664.2967   574%   462 2459s
  7675  2870 48215.4912  346 1179 7522.52851 50664.2967   574%   462 2478s
H 7675  2726                    7532.6669856 50664.2967   573%   462 2512s
H 7675  2590                    7534.6427092 50664.2967   572%   462 2512s
H 7675  2460                    7546.7548587 50664.2967   571%   462 2512s
H 7675  2337                    7551.3630210 50664.2967   571%   462 2515s
H 7675  2220                    7551.6431125 50664.2967   571%   462 2515s
H 7675  2109                    7552.0875570 50664.2967   571%   462 2515s
  7676  2110 49336.4457   97 1390 7552.08756 50664.2967   571%   462 2541s
H 7676  2005                    7552.5049483 50664.2967   571%   462 2569s
H 7676  1904                    7553.3397309 50664.2967   571%   462 2569s
  7677  1904 49315.6271   46 1367 7553.33973 50664.2967   571%   462 2613s
  7678  1905 49556.2834  159 1338 7553.33973 50664.2967   571%   462 2654s
H 7678  1810                    7554.7942764 50664.2967   571%   462 2666s
H 7678  1719                    7555.2514192 50664.2967   571%   462 2666s
H 7678  1633                    7558.3583724 50664.2967   570%   462 2666s
H 7678  1551                    7559.2022543 50664.2967   570%   462 2666s
H 7678  1474                    7561.0250391 50664.2967   570%   462 2666s
  7679  1475 44073.1576  172 1365 7561.02504 50664.2967   570%   462 2680s
H 7679  1401                    7561.5563171 50664.2967   570%   462 2688s
H 7679  1331                    7564.2493100 50664.2967   570%   462 2688s
H 7679  1264                    7570.2493100 50664.2967   569%   462 2688s
H 7679  1201                    7571.4519244 50664.2967   569%   462 2688s
H 7679  1141                    7572.5498711 50664.2967   569%   462 2703s
  7680  1141 49917.6039   49 1348 7572.54987 50664.2967   569%   462 2708s
H 7680  1083                    7578.5475019 50664.2967   569%   462 2734s
H 7680  1029                    7593.0591298 50664.2967   567%   462 2734s
  7681  1030 41942.7700  117 1348 7593.05913 50664.2967   567%   461 2741s
  7682  1031 49366.1736  373 1358 7593.05913 50664.2967   567%   461 2766s
  7683  1031 47341.4923  372 1390 7593.05913 50664.2967   567%   461 2789s
H 7683   979                    7594.9815507 50664.2967   567%   461 2794s
  7684   980 48106.6939   15 1345 7594.98155 50664.2967   567%   461 2812s
H 7684   931                    7609.9540277 50664.2967   566%   461 2852s
H 7684   884                    7611.6371446 50664.2967   566%   461 2853s
H 7684   840                    7616.3843973 50664.2967   565%   461 2858s
H 7684   798                    7616.9118699 50664.2967   565%   461 2860s
H 7684   757                    7617.9089049 50664.2967   565%   461 2867s
H 7684   719                    7618.3156846 50664.2967   565%   461 2868s
  7685   720 46133.7407  192 1374 7618.31568 50664.2967   565%   461 2882s
H 7685   684                    7630.1472710 50664.2967   564%   461 2901s
H 7685   650                    7646.9720133 50664.2967   563%   461 2901s
H 7685   617                    7649.6386799 50664.2967   562%   461 2901s
H 7685   586                    7652.3369182 50664.2967   562%   461 2901s
H 7685   556                    7657.6213219 50664.2967   562%   461 2901s
H 7685   528                    7660.8578325 50664.2967   561%   461 2901s
  7686   528 44611.5756  111 1357 7660.85783 50664.2967   561%   461 2921s
H 7686   502                    7661.4894115 50664.2967   561%   461 2952s
H 7686   476                    7661.9218439 50664.2967   561%   461 2953s
H 7686   452                    7664.9488709 50664.2967   561%   461 2953s
H 7686   429                    7698.5237117 50664.2967   558%   461 2954s
H 7686   408                    7704.1051071 50664.2967   558%   461 2954s
H 7686   387                    7704.1999929 50664.2967   558%   461 2954s
H 7686   367                    7704.4179456 50664.2967   558%   461 2954s
H 7686   349                    7704.6693598 50664.2967   558%   461 2955s
H 7686   331                    7708.1968139 50664.2967   557%   461 2955s
  7687   332 49960.3437   83 1305 7708.19681 50664.2967   557%   461 2966s
  7688   333 44768.6295  100 1349 7708.19681 50664.2967   557%   461 2990s
  7689   333 42884.6244  250 1320 7708.19681 50664.2967   557%   461 3014s
  7690   334 50664.2967   27 1324 7708.19681 50664.2967   557%   461 3036s
  7691   335 49784.8546  178 1297 7708.19681 50664.2967   557%   461 3059s
  7692   335 49492.7365   60 1320 7708.19681 50664.2967   557%   461 3081s
  7693   336 41798.3616  334 1338 7708.19681 50664.2967   557%   461 3102s
  7694   337 33900.4854  488 1333 7708.19681 50664.2967   557%   461 3178s
H 7694   320                    7709.5828779 50664.2967   557%   461 3211s
  7695   320 48161.8685   74 1333 7709.58288 50664.2933   557%   461 3218s
  7696   323 50664.2933   10 1282 7709.58288 50664.2933   557%   485 3252s
  7697   325 50664.2933   11 1248 7709.58288 50664.2933   557%   485 3265s
  7699   326 50664.2933   12 1199 7709.58288 50664.2933   557%   486 3290s
  7703   329 50664.2933   13 1251 7709.58288 50664.2933   557%   488 3312s
  7709   330 50443.6268   14 1275 7709.58288 50664.2933   557%   493 3412s
  7712   332 50420.3446   15 1298 7709.58288 50664.2933   557%   501 3566s
  7715   338 50228.4946   16 1426 7709.58288 50664.2933   557%   509 3776s
  7719   336 50228.8293   13 1333 7709.58288 50664.2933   557%   518 3782s
  7722   338 48036.2866   15 1082 7709.58288 50664.2933   557%   526 4023s
  7725   348 49962.1765   16 1300 7709.58288 50664.2933   557%   537 4298s
  7733   346 50344.3278   13 1374 7709.58288 50664.2933   557%   546 4301s
  7736   346 50314.4066   17 1401 7709.58288 50664.2933   557%   556 6169s
  7737   348 50664.2933   17 1380 7709.58288 50664.2933   557%   559 6788s
  7740   350 50664.2933   18 1299 7709.58288 50664.2933   557%   576 7224s
  7743   371 50122.1553   19 1530 7709.58288 50664.2933   557%   583 7615s
H 7763   348                    7714.0855613 50664.2933   557%   592 7618s
  7764   347 50425.8264   16 1442 7714.08556 50664.2933   557%   595 7620s
  7765   351 49800.2794   21 1432 7714.08556 50664.2933   557%   599 8104s

Cutting planes:
  Learned: 1
  Gomory: 63
  Lift-and-project: 1
  Cover: 446
  Implied bound: 7451
  Projected implied bound: 231
  Clique: 1028
  MIR: 9667
  Mixing: 60
  StrongCG: 576
  Flow cover: 6087
  GUB cover: 155
  Inf proof: 5
  Zero half: 116
  RLT: 1640
  Relax-and-lift: 8130
  BQP: 3

Explored 7769 nodes (4887975 simplex iterations) in 51529.16 seconds (38058.63 work units)
Thread count was 20 (of 20 available processors)

Solution count 10: 7714.09 7709.58 7708.2 ... 7661.92

Solve interrupted
Best objective 7.714085561268e+03, best bound 5.066429326452e+04, gap 556.7764%
